###############################################################################
#
# IAR ELF Linker V7.50.2.10312/W32 for ARM                06/Nov/2016  21:32:26
# Copyright 2007-2015 IAR Systems AB.
#
#    Output file  =  
#        E:\Embedded\TM4C123GH6PM_Drivers\Keypad_Layered\Debug\Exe\c.out
#    Map file     =  
#        E:\Embedded\TM4C123GH6PM_Drivers\Keypad_Layered\Debug\List\c.map
#    Command line =  
#        E:\Embedded\TM4C123GH6PM_Drivers\Keypad_Layered\Debug\Obj\keypad.o
#        E:\Embedded\TM4C123GH6PM_Drivers\Keypad_Layered\Debug\Obj\keypad_config.o
#        E:\Embedded\TM4C123GH6PM_Drivers\Keypad_Layered\Debug\Obj\main.o
#        E:\Embedded\TM4C123GH6PM_Drivers\Keypad_Layered\Debug\Obj\MCAL_GPIO.o
#        E:\Embedded\TM4C123GH6PM_Drivers\Keypad_Layered\Debug\Obj\startup_tm4c.o
#        -o E:\Embedded\TM4C123GH6PM_Drivers\Keypad_Layered\Debug\Exe\c.out
#        --redirect _Printf=_PrintfFull --redirect _Scanf=_ScanfFull --map
#        E:\Embedded\TM4C123GH6PM_Drivers\Keypad_Layered\Debug\List\c.map
#        --config "C:\Program Files (x86)\IAR Systems\Embedded Workbench
#        7.3\arm\config\linker\TexasInstruments\TM4C123GH6.icf" --semihosting
#        --entry __iar_program_start --vfe
#
###############################################################################

*******************************************************************************
*** RUNTIME MODEL ATTRIBUTES
***

CppFlavor       = *
__SystemLibrary = DLib


*******************************************************************************
*** PLACEMENT SUMMARY
***

"A1":  place at 0x00000000 { ro section .intvec };
"P1":  place in [from 0x00000000 to 0x0003ffff] { ro };
"P2":  place in [from 0x20000000 to 0x20007fff] { rw, block CSTACK, block HEAP };

  Section          Kind        Address    Size  Object
  -------          ----        -------    ----  ------
"A1":                                    0x26c
  .intvec          const    0x00000000   0x26c  startup_tm4c.o [1]
                          - 0x0000026c   0x26c

"P1":                                    0x774
  .text            ro code  0x0000026c   0x464  MCAL_GPIO.o [1]
  .text            ro code  0x000006d0   0x1e0  keypad.o [1]
  .text            ro code  0x000008b0    0x40  zero_init3.o [5]
  .text            ro code  0x000008f0    0x28  data_init.o [5]
  .text            ro code  0x00000918    0x22  fpinit_M.o [4]
  .iar.init_table  const    0x0000093c    0x10  - Linker created -
  .text            ro code  0x0000094c    0x1a  cmain.o [5]
  .text            ro code  0x00000966     0x4  low_level_init.o [3]
  .text            ro code  0x0000096c    0x18  main.o [1]
  .text            ro code  0x00000984     0x4  exit.o [3]
  .text            ro code  0x00000988     0xa  cexit.o [5]
  .text            ro code  0x00000994    0x14  exit.o [6]
  .rodata          const    0x000009a8    0x10  keypad_config.o [1]
  .text            ro code  0x000009b8     0xc  startup_tm4c.o [1]
  .text            ro code  0x000009c4     0xc  cstartup_M.o [5]
  .rodata          const    0x000009d0     0x8  keypad_config.o [1]
  .rodata          const    0x000009d8     0x8  keypad_config.o [1]
  .rodata          const    0x000009e0     0x0  zero_init3.o [5]
                          - 0x000009e0   0x774

"P2", part 1 of 2:                         0x4
  .bss             zero     0x20000000     0x1  main.o [1]
                          - 0x20000001     0x1

"P2", part 2 of 2:                      0x1000
  CSTACK                    0x20000008  0x1000  <Block>
    CSTACK         uninit   0x20000008  0x1000  <Block tail>
                          - 0x20001008  0x1000


*******************************************************************************
*** INIT TABLE
***

          Address     Size
          -------     ----
Zero (__iar_zero_init3)
    1 destination range, total size 0x1:
          0x20000000   0x1



*******************************************************************************
*** MODULE SUMMARY
***

    Module            ro code  ro data  rw data
    ------            -------  -------  -------
E:\Embedded\TM4C123GH6PM_Drivers\Keypad_Layered\Debug\Obj: [1]
    MCAL_GPIO.o         1 124
    keypad.o              480
    keypad_config.o                 32
    main.o                 24                 1
    startup_tm4c.o         12      620
    -------------------------------------------
    Total:              1 640      652        1

command line: [2]
    -------------------------------------------
    Total:

dl7M_tln.a: [3]
    exit.o                  4
    low_level_init.o        4
    -------------------------------------------
    Total:                  8

m7M_tls.a: [4]
    fpinit_M.o             34
    -------------------------------------------
    Total:                 34

rt7M_tl.a: [5]
    cexit.o                10
    cmain.o                26
    cstartup_M.o           12
    data_init.o            40
    zero_init3.o           64
    -------------------------------------------
    Total:                152

shb_l.a: [6]
    exit.o                 20
    -------------------------------------------
    Total:                 20

    Gaps                    4        2
    Linker created                  16    4 096
-----------------------------------------------
    Grand Total:        1 858      670    4 097


*******************************************************************************
*** ENTRY LIST
***

Entry                      Address   Size  Type      Object
-----                      -------   ----  ----      ------
.iar.init_table$$Base   0x0000093c          --   Gb  - Linker created -
.iar.init_table$$Limit  0x0000094c          --   Gb  - Linker created -
?main                   0x0000094d         Code  Gb  cmain.o [5]
ADC1Seq0_IRQHandler     0x000009c3    0x2  Code  Wk  startup_tm4c.o [1]
ADC1Seq1_IRQHandler     0x000009c3    0x2  Code  Wk  startup_tm4c.o [1]
ADC1Seq2_IRQHandler     0x000009c3    0x2  Code  Wk  startup_tm4c.o [1]
ADC1Seq3_IRQHandler     0x000009c3    0x2  Code  Wk  startup_tm4c.o [1]
ADCSeq0_IRQHandler      0x000009c3    0x2  Code  Wk  startup_tm4c.o [1]
ADCSeq1_IRQHandler      0x000009c3    0x2  Code  Wk  startup_tm4c.o [1]
ADCSeq2_IRQHandler      0x000009c3    0x2  Code  Wk  startup_tm4c.o [1]
ADCSeq3_IRQHandler      0x000009c3    0x2  Code  Wk  startup_tm4c.o [1]
BusFault_Handler        0x000009bf    0x2  Code  Gb  startup_tm4c.o [1]
CAN0_IRQHandler         0x000009c3    0x2  Code  Wk  startup_tm4c.o [1]
CAN1_IRQHandler         0x000009c3    0x2  Code  Wk  startup_tm4c.o [1]
CAN2_IRQHandler         0x000009c3    0x2  Code  Wk  startup_tm4c.o [1]
CSTACK$$Base            0x20000008          --   Gb  - Linker created -
CSTACK$$Limit           0x20001008         Data  Gb  - Linker created -
Comp0_IRQHandler        0x000009c3    0x2  Code  Wk  startup_tm4c.o [1]
Comp1_IRQHandler        0x000009c3    0x2  Code  Wk  startup_tm4c.o [1]
Comp2_IRQHandler        0x000009c3    0x2  Code  Wk  startup_tm4c.o [1]
DebugMon_Handler        0x000009c3    0x2  Code  Wk  startup_tm4c.o [1]
EBI0_IRQHandler         0x000009c3    0x2  Code  Wk  startup_tm4c.o [1]
FPU_IRQHandler          0x000009c3    0x2  Code  Wk  startup_tm4c.o [1]
Fan0_IRQHandler         0x000009c3    0x2  Code  Wk  startup_tm4c.o [1]
FlashCtrl_IRQHandler    0x000009c3    0x2  Code  Wk  startup_tm4c.o [1]
GPIOPortA_IRQHandler    0x000009c3    0x2  Code  Wk  startup_tm4c.o [1]
GPIOPortB_IRQHandler    0x000009c3    0x2  Code  Wk  startup_tm4c.o [1]
GPIOPortC_IRQHandler    0x000009c3    0x2  Code  Wk  startup_tm4c.o [1]
GPIOPortD_IRQHandler    0x000009c3    0x2  Code  Wk  startup_tm4c.o [1]
GPIOPortE_IRQHandler    0x000009c3    0x2  Code  Wk  startup_tm4c.o [1]
GPIOPortF_IRQHandler    0x000009c3    0x2  Code  Wk  startup_tm4c.o [1]
GPIOPortG_IRQHandler    0x000009c3    0x2  Code  Wk  startup_tm4c.o [1]
GPIOPortH_IRQHandler    0x000009c3    0x2  Code  Wk  startup_tm4c.o [1]
GPIOPortJ_IRQHandler    0x000009c3    0x2  Code  Wk  startup_tm4c.o [1]
GPIOPortK_IRQHandler    0x000009c3    0x2  Code  Wk  startup_tm4c.o [1]
GPIOPortL_IRQHandler    0x000009c3    0x2  Code  Wk  startup_tm4c.o [1]
GPIOPortM_IRQHandler    0x000009c3    0x2  Code  Wk  startup_tm4c.o [1]
GPIOPortN_IRQHandler    0x000009c3    0x2  Code  Wk  startup_tm4c.o [1]
GPIOPortP0_IRQHandler   0x000009c3    0x2  Code  Wk  startup_tm4c.o [1]
GPIOPortP1_IRQHandler   0x000009c3    0x2  Code  Wk  startup_tm4c.o [1]
GPIOPortP2_IRQHandler   0x000009c3    0x2  Code  Wk  startup_tm4c.o [1]
GPIOPortP3_IRQHandler   0x000009c3    0x2  Code  Wk  startup_tm4c.o [1]
GPIOPortP4_IRQHandler   0x000009c3    0x2  Code  Wk  startup_tm4c.o [1]
GPIOPortP5_IRQHandler   0x000009c3    0x2  Code  Wk  startup_tm4c.o [1]
GPIOPortP6_IRQHandler   0x000009c3    0x2  Code  Wk  startup_tm4c.o [1]
GPIOPortP7_IRQHandler   0x000009c3    0x2  Code  Wk  startup_tm4c.o [1]
GPIOPortQ0_IRQHandler   0x000009c3    0x2  Code  Wk  startup_tm4c.o [1]
GPIOPortQ1_IRQHandler   0x000009c3    0x2  Code  Wk  startup_tm4c.o [1]
GPIOPortQ2_IRQHandler   0x000009c3    0x2  Code  Wk  startup_tm4c.o [1]
GPIOPortQ3_IRQHandler   0x000009c3    0x2  Code  Wk  startup_tm4c.o [1]
GPIOPortQ4_IRQHandler   0x000009c3    0x2  Code  Wk  startup_tm4c.o [1]
GPIOPortQ5_IRQHandler   0x000009c3    0x2  Code  Wk  startup_tm4c.o [1]
GPIOPortQ6_IRQHandler   0x000009c3    0x2  Code  Wk  startup_tm4c.o [1]
GPIOPortQ7_IRQHandler   0x000009c3    0x2  Code  Wk  startup_tm4c.o [1]
GPIOPortR_IRQHandler    0x000009c3    0x2  Code  Wk  startup_tm4c.o [1]
GPIOPortS_IRQHandler    0x000009c3    0x2  Code  Wk  startup_tm4c.o [1]
GPIO_Init               0x0000026d  0x2bc  Code  Gb  MCAL_GPIO.o [1]
GPIO_Read               0x000005c7   0x8c  Code  Gb  MCAL_GPIO.o [1]
GPIO_Write              0x00000529   0x9e  Code  Gb  MCAL_GPIO.o [1]
HardFault_Handler       0x000009b9    0x2  Code  Gb  startup_tm4c.o [1]
Hibernate_IRQHandler    0x000009c3    0x2  Code  Wk  startup_tm4c.o [1]
I2C0_IRQHandler         0x000009c3    0x2  Code  Wk  startup_tm4c.o [1]
I2C1_IRQHandler         0x000009c3    0x2  Code  Wk  startup_tm4c.o [1]
I2C2_IRQHandler         0x000009c3    0x2  Code  Wk  startup_tm4c.o [1]
I2C3_IRQHandler         0x000009c3    0x2  Code  Wk  startup_tm4c.o [1]
I2C4_IRQHandler         0x000009c3    0x2  Code  Wk  startup_tm4c.o [1]
I2C5_IRQHandler         0x000009c3    0x2  Code  Wk  startup_tm4c.o [1]
I2S0_IRQHandler         0x000009c3    0x2  Code  Wk  startup_tm4c.o [1]
Keypad_Init             0x000006d1   0xa0  Code  Gb  keypad.o [1]
Keypad_getkey           0x00000771  0x134  Code  Gb  keypad.o [1]
LPC0_IRQHandler         0x000009c3    0x2  Code  Wk  startup_tm4c.o [1]
MemManage_Handler       0x000009bd    0x2  Code  Gb  startup_tm4c.o [1]
NMI_Handler             0x000009bb    0x2  Code  Gb  startup_tm4c.o [1]
PECI0_IRQHandler        0x000009c3    0x2  Code  Wk  startup_tm4c.o [1]
PWM1Fault_IRQHandler    0x000009c3    0x2  Code  Wk  startup_tm4c.o [1]
PWM1Gen0_IRQHandler     0x000009c3    0x2  Code  Wk  startup_tm4c.o [1]
PWM1Gen1_IRQHandler     0x000009c3    0x2  Code  Wk  startup_tm4c.o [1]
PWM1Gen2_IRQHandler     0x000009c3    0x2  Code  Wk  startup_tm4c.o [1]
PWM1Gen3_IRQHandler     0x000009c3    0x2  Code  Wk  startup_tm4c.o [1]
PWMFault_IRQHandler     0x000009c3    0x2  Code  Wk  startup_tm4c.o [1]
PWMGen0_IRQHandler      0x000009c3    0x2  Code  Wk  startup_tm4c.o [1]
PWMGen1_IRQHandler      0x000009c3    0x2  Code  Wk  startup_tm4c.o [1]
PWMGen2_IRQHandler      0x000009c3    0x2  Code  Wk  startup_tm4c.o [1]
PWMGen3_IRQHandler      0x000009c3    0x2  Code  Wk  startup_tm4c.o [1]
PendSV_Handler          0x000009c3    0x2  Code  Wk  startup_tm4c.o [1]
QEI0_IRQHandler         0x000009c3    0x2  Code  Wk  startup_tm4c.o [1]
QEI1_IRQHandler         0x000009c3    0x2  Code  Wk  startup_tm4c.o [1]
QEI2_IRQHandler         0x000009c3    0x2  Code  Wk  startup_tm4c.o [1]
Region$$Table$$Base     0x0000093c          --   Gb  - Linker created -
Region$$Table$$Limit    0x0000094c          --   Gb  - Linker created -
SSI0_IRQHandler         0x000009c3    0x2  Code  Wk  startup_tm4c.o [1]
SSI1_IRQHandler         0x000009c3    0x2  Code  Wk  startup_tm4c.o [1]
SSI2_IRQHandler         0x000009c3    0x2  Code  Wk  startup_tm4c.o [1]
SSI3_IRQHandler         0x000009c3    0x2  Code  Wk  startup_tm4c.o [1]
SVC_Handler             0x000009c3    0x2  Code  Wk  startup_tm4c.o [1]
SysCtrl_IRQHandler      0x000009c3    0x2  Code  Wk  startup_tm4c.o [1]
SysTick_Handler         0x000009c3    0x2  Code  Wk  startup_tm4c.o [1]
Timer0A_IRQHandler      0x000009c3    0x2  Code  Wk  startup_tm4c.o [1]
Timer0B_IRQHandler      0x000009c3    0x2  Code  Wk  startup_tm4c.o [1]
Timer1A_IRQHandler      0x000009c3    0x2  Code  Wk  startup_tm4c.o [1]
Timer1B_IRQHandler      0x000009c3    0x2  Code  Wk  startup_tm4c.o [1]
Timer2A_IRQHandler      0x000009c3    0x2  Code  Wk  startup_tm4c.o [1]
Timer2B_IRQHandler      0x000009c3    0x2  Code  Wk  startup_tm4c.o [1]
Timer3A_IRQHandler      0x000009c3    0x2  Code  Wk  startup_tm4c.o [1]
Timer3B_IRQHandler      0x000009c3    0x2  Code  Wk  startup_tm4c.o [1]
Timer4A_IRQHandler      0x000009c3    0x2  Code  Wk  startup_tm4c.o [1]
Timer4B_IRQHandler      0x000009c3    0x2  Code  Wk  startup_tm4c.o [1]
Timer5A_IRQHandler      0x000009c3    0x2  Code  Wk  startup_tm4c.o [1]
Timer5B_IRQHandler      0x000009c3    0x2  Code  Wk  startup_tm4c.o [1]
UART0_IRQHandler        0x000009c3    0x2  Code  Wk  startup_tm4c.o [1]
UART1_IRQHandler        0x000009c3    0x2  Code  Wk  startup_tm4c.o [1]
UART2_IRQHandler        0x000009c3    0x2  Code  Wk  startup_tm4c.o [1]
UART3_IRQHandler        0x000009c3    0x2  Code  Wk  startup_tm4c.o [1]
UART4_IRQHandler        0x000009c3    0x2  Code  Wk  startup_tm4c.o [1]
UART5_IRQHandler        0x000009c3    0x2  Code  Wk  startup_tm4c.o [1]
UART6_IRQHandler        0x000009c3    0x2  Code  Wk  startup_tm4c.o [1]
UART7_IRQHandler        0x000009c3    0x2  Code  Wk  startup_tm4c.o [1]
USB0_IRQHandler         0x000009c3    0x2  Code  Wk  startup_tm4c.o [1]
Unused_Handler          0x000009c3    0x2  Code  Gb  startup_tm4c.o [1]
UsageFault_Handler      0x000009c1    0x2  Code  Gb  startup_tm4c.o [1]
Watchdog_IRQHandler     0x000009c3    0x2  Code  Wk  startup_tm4c.o [1]
WideTimer0A_IRQHandler  0x000009c3    0x2  Code  Wk  startup_tm4c.o [1]
WideTimer0B_IRQHandler  0x000009c3    0x2  Code  Wk  startup_tm4c.o [1]
WideTimer1A_IRQHandler  0x000009c3    0x2  Code  Wk  startup_tm4c.o [1]
WideTimer1B_IRQHandler  0x000009c3    0x2  Code  Wk  startup_tm4c.o [1]
WideTimer2A_IRQHandler  0x000009c3    0x2  Code  Wk  startup_tm4c.o [1]
WideTimer2B_IRQHandler  0x000009c3    0x2  Code  Wk  startup_tm4c.o [1]
WideTimer3A_IRQHandler  0x000009c3    0x2  Code  Wk  startup_tm4c.o [1]
WideTimer3B_IRQHandler  0x000009c3    0x2  Code  Wk  startup_tm4c.o [1]
WideTimer4A_IRQHandler  0x000009c3    0x2  Code  Wk  startup_tm4c.o [1]
WideTimer4B_IRQHandler  0x000009c3    0x2  Code  Wk  startup_tm4c.o [1]
WideTimer5A_IRQHandler  0x000009c3    0x2  Code  Wk  startup_tm4c.o [1]
WideTimer5B_IRQHandler  0x000009c3    0x2  Code  Wk  startup_tm4c.o [1]
__cmain                 0x0000094d         Code  Gb  cmain.o [5]
__exit                  0x00000995   0x14  Code  Gb  exit.o [6]
__iar_data_init3        0x000008f1   0x28  Code  Gb  data_init.o [5]
__iar_init_vfp          0x00000919         Code  Gb  fpinit_M.o [4]
__iar_program_start     0x000009c5         Code  Gb  cstartup_M.o [5]
__iar_zero_init3        0x000008b1   0x40  Code  Gb  zero_init3.o [5]
__low_level_init        0x00000967    0x4  Code  Gb  low_level_init.o [3]
__vector_table          0x00000000  0x26c  Data  Gb  startup_tm4c.o [1]
_call_main              0x00000959         Code  Gb  cmain.o [5]
_exit                   0x00000989         Code  Gb  cexit.o [5]
_main                   0x00000963         Code  Gb  cmain.o [5]
exit                    0x00000985    0x4  Code  Gb  exit.o [3]
g_Keypad_Col_Config     0x000009d0    0x8  Data  Gb  keypad_config.o [1]
g_Keypad_Map            0x000009a8   0x10  Data  Gb  keypad_config.o [1]
g_Keypad_Row_Config     0x000009d8    0x8  Data  Gb  keypad_config.o [1]
main                    0x0000096d   0x18  Code  Gb  main.o [1]
uDMAError_IRQHandler    0x000009c3    0x2  Code  Wk  startup_tm4c.o [1]
uDMAST_IRQHandler       0x000009c3    0x2  Code  Wk  startup_tm4c.o [1]
value                   0x20000000    0x1  Data  Gb  main.o [1]


[1] = E:\Embedded\TM4C123GH6PM_Drivers\Keypad_Layered\Debug\Obj
[2] = command line
[3] = dl7M_tln.a
[4] = m7M_tls.a
[5] = rt7M_tl.a
[6] = shb_l.a

  1 858 bytes of readonly  code memory
    670 bytes of readonly  data memory
  4 097 bytes of readwrite data memory

Errors: none
Warnings: none
