###############################################################################
#
# IAR ELF Linker V7.50.2.10312/W32 for ARM                05/Nov/2016  14:42:34
# Copyright 2007-2015 IAR Systems AB.
#
#    Output file  =  E:\Embedded\TM4C123GH6PM_Drivers\SPI\Debug\Exe\c.out
#    Map file     =  E:\Embedded\TM4C123GH6PM_Drivers\SPI\Debug\List\c.map
#    Command line =  
#        E:\Embedded\TM4C123GH6PM_Drivers\SPI\Debug\Obj\main.o
#        E:\Embedded\TM4C123GH6PM_Drivers\SPI\Debug\Obj\startup_tm4c.o -o
#        E:\Embedded\TM4C123GH6PM_Drivers\SPI\Debug\Exe\c.out --redirect
#        _Printf=_PrintfFull --redirect _Scanf=_ScanfFull --map
#        E:\Embedded\TM4C123GH6PM_Drivers\SPI\Debug\List\c.map --config
#        "C:\Program Files (x86)\IAR Systems\Embedded Workbench
#        7.3\arm\config\linker\TexasInstruments\TM4C123GH6.icf" --semihosting
#        --entry __iar_program_start --vfe
#
###############################################################################

*******************************************************************************
*** RUNTIME MODEL ATTRIBUTES
***

CppFlavor       = *
__SystemLibrary = DLib


*******************************************************************************
*** PLACEMENT SUMMARY
***

"A1":  place at 0x00000000 { ro section .intvec };
"P1":  place in [from 0x00000000 to 0x0003ffff] { ro };
"P2":  place in [from 0x20000000 to 0x20007fff] { rw, block CSTACK, block HEAP };

  Section   Kind        Address    Size  Object
  -------   ----        -------    ----  ------
"A1":                             0x26c
  .intvec   const    0x00000000   0x26c  startup_tm4c.o [1]
                   - 0x0000026c   0x26c

"P1":                             0x128
  .text     ro code  0x0000026c    0xa8  main.o [1]
  .text     ro code  0x00000314    0x22  fpinit_M.o [4]
  .text     ro code  0x00000338    0x1a  cmain.o [5]
  .text     ro code  0x00000352     0x4  low_level_init.o [3]
  .text     ro code  0x00000356     0x4  exit.o [3]
  .text     ro code  0x0000035c     0xa  cexit.o [5]
  .text     ro code  0x00000368    0x14  exit.o [6]
  .text     ro code  0x0000037c     0xc  startup_tm4c.o [1]
  .text     ro code  0x00000388     0xc  cstartup_M.o [5]
                   - 0x00000394   0x128

"P2":                            0x1000
  CSTACK             0x20000000  0x1000  <Block>
    CSTACK  uninit   0x20000000  0x1000  <Block tail>
                   - 0x20001000  0x1000



*******************************************************************************
*** MODULE SUMMARY
***

    Module            ro code  ro data  rw data
    ------            -------  -------  -------
E:\Embedded\TM4C123GH6PM_Drivers\SPI\Debug\Obj: [1]
    main.o                168
    startup_tm4c.o         12      620
    -------------------------------------------
    Total:                180      620

command line: [2]
    -------------------------------------------
    Total:

dl7M_tln.a: [3]
    exit.o                  4
    low_level_init.o        4
    -------------------------------------------
    Total:                  8

m7M_tls.a: [4]
    fpinit_M.o             34
    -------------------------------------------
    Total:                 34

rt7M_tl.a: [5]
    cexit.o                10
    cmain.o                26
    cstartup_M.o           12
    -------------------------------------------
    Total:                 48

shb_l.a: [6]
    exit.o                 20
    -------------------------------------------
    Total:                 20

    Gaps                    6
    Linker created                        4 096
-----------------------------------------------
    Grand Total:          296      620    4 096


*******************************************************************************
*** ENTRY LIST
***

Entry                      Address   Size  Type      Object
-----                      -------   ----  ----      ------
?main                   0x00000339         Code  Gb  cmain.o [5]
ADC1Seq0_IRQHandler     0x00000387    0x2  Code  Wk  startup_tm4c.o [1]
ADC1Seq1_IRQHandler     0x00000387    0x2  Code  Wk  startup_tm4c.o [1]
ADC1Seq2_IRQHandler     0x00000387    0x2  Code  Wk  startup_tm4c.o [1]
ADC1Seq3_IRQHandler     0x00000387    0x2  Code  Wk  startup_tm4c.o [1]
ADCSeq0_IRQHandler      0x00000387    0x2  Code  Wk  startup_tm4c.o [1]
ADCSeq1_IRQHandler      0x00000387    0x2  Code  Wk  startup_tm4c.o [1]
ADCSeq2_IRQHandler      0x00000387    0x2  Code  Wk  startup_tm4c.o [1]
ADCSeq3_IRQHandler      0x00000387    0x2  Code  Wk  startup_tm4c.o [1]
BusFault_Handler        0x00000383    0x2  Code  Gb  startup_tm4c.o [1]
CAN0_IRQHandler         0x00000387    0x2  Code  Wk  startup_tm4c.o [1]
CAN1_IRQHandler         0x00000387    0x2  Code  Wk  startup_tm4c.o [1]
CAN2_IRQHandler         0x00000387    0x2  Code  Wk  startup_tm4c.o [1]
CSTACK$$Base            0x20000000          --   Gb  - Linker created -
CSTACK$$Limit           0x20001000         Data  Gb  - Linker created -
Comp0_IRQHandler        0x00000387    0x2  Code  Wk  startup_tm4c.o [1]
Comp1_IRQHandler        0x00000387    0x2  Code  Wk  startup_tm4c.o [1]
Comp2_IRQHandler        0x00000387    0x2  Code  Wk  startup_tm4c.o [1]
DebugMon_Handler        0x00000387    0x2  Code  Wk  startup_tm4c.o [1]
EBI0_IRQHandler         0x00000387    0x2  Code  Wk  startup_tm4c.o [1]
FPU_IRQHandler          0x00000387    0x2  Code  Wk  startup_tm4c.o [1]
Fan0_IRQHandler         0x00000387    0x2  Code  Wk  startup_tm4c.o [1]
FlashCtrl_IRQHandler    0x00000387    0x2  Code  Wk  startup_tm4c.o [1]
GPIOPortA_IRQHandler    0x00000387    0x2  Code  Wk  startup_tm4c.o [1]
GPIOPortB_IRQHandler    0x00000387    0x2  Code  Wk  startup_tm4c.o [1]
GPIOPortC_IRQHandler    0x00000387    0x2  Code  Wk  startup_tm4c.o [1]
GPIOPortD_IRQHandler    0x00000387    0x2  Code  Wk  startup_tm4c.o [1]
GPIOPortE_IRQHandler    0x00000387    0x2  Code  Wk  startup_tm4c.o [1]
GPIOPortF_IRQHandler    0x00000387    0x2  Code  Wk  startup_tm4c.o [1]
GPIOPortG_IRQHandler    0x00000387    0x2  Code  Wk  startup_tm4c.o [1]
GPIOPortH_IRQHandler    0x00000387    0x2  Code  Wk  startup_tm4c.o [1]
GPIOPortJ_IRQHandler    0x00000387    0x2  Code  Wk  startup_tm4c.o [1]
GPIOPortK_IRQHandler    0x00000387    0x2  Code  Wk  startup_tm4c.o [1]
GPIOPortL_IRQHandler    0x00000387    0x2  Code  Wk  startup_tm4c.o [1]
GPIOPortM_IRQHandler    0x00000387    0x2  Code  Wk  startup_tm4c.o [1]
GPIOPortN_IRQHandler    0x00000387    0x2  Code  Wk  startup_tm4c.o [1]
GPIOPortP0_IRQHandler   0x00000387    0x2  Code  Wk  startup_tm4c.o [1]
GPIOPortP1_IRQHandler   0x00000387    0x2  Code  Wk  startup_tm4c.o [1]
GPIOPortP2_IRQHandler   0x00000387    0x2  Code  Wk  startup_tm4c.o [1]
GPIOPortP3_IRQHandler   0x00000387    0x2  Code  Wk  startup_tm4c.o [1]
GPIOPortP4_IRQHandler   0x00000387    0x2  Code  Wk  startup_tm4c.o [1]
GPIOPortP5_IRQHandler   0x00000387    0x2  Code  Wk  startup_tm4c.o [1]
GPIOPortP6_IRQHandler   0x00000387    0x2  Code  Wk  startup_tm4c.o [1]
GPIOPortP7_IRQHandler   0x00000387    0x2  Code  Wk  startup_tm4c.o [1]
GPIOPortQ0_IRQHandler   0x00000387    0x2  Code  Wk  startup_tm4c.o [1]
GPIOPortQ1_IRQHandler   0x00000387    0x2  Code  Wk  startup_tm4c.o [1]
GPIOPortQ2_IRQHandler   0x00000387    0x2  Code  Wk  startup_tm4c.o [1]
GPIOPortQ3_IRQHandler   0x00000387    0x2  Code  Wk  startup_tm4c.o [1]
GPIOPortQ4_IRQHandler   0x00000387    0x2  Code  Wk  startup_tm4c.o [1]
GPIOPortQ5_IRQHandler   0x00000387    0x2  Code  Wk  startup_tm4c.o [1]
GPIOPortQ6_IRQHandler   0x00000387    0x2  Code  Wk  startup_tm4c.o [1]
GPIOPortQ7_IRQHandler   0x00000387    0x2  Code  Wk  startup_tm4c.o [1]
GPIOPortR_IRQHandler    0x00000387    0x2  Code  Wk  startup_tm4c.o [1]
GPIOPortS_IRQHandler    0x00000387    0x2  Code  Wk  startup_tm4c.o [1]
HardFault_Handler       0x0000037d    0x2  Code  Gb  startup_tm4c.o [1]
Hibernate_IRQHandler    0x00000387    0x2  Code  Wk  startup_tm4c.o [1]
I2C0_IRQHandler         0x00000387    0x2  Code  Wk  startup_tm4c.o [1]
I2C1_IRQHandler         0x00000387    0x2  Code  Wk  startup_tm4c.o [1]
I2C2_IRQHandler         0x00000387    0x2  Code  Wk  startup_tm4c.o [1]
I2C3_IRQHandler         0x00000387    0x2  Code  Wk  startup_tm4c.o [1]
I2C4_IRQHandler         0x00000387    0x2  Code  Wk  startup_tm4c.o [1]
I2C5_IRQHandler         0x00000387    0x2  Code  Wk  startup_tm4c.o [1]
I2S0_IRQHandler         0x00000387    0x2  Code  Wk  startup_tm4c.o [1]
LPC0_IRQHandler         0x00000387    0x2  Code  Wk  startup_tm4c.o [1]
MemManage_Handler       0x00000381    0x2  Code  Gb  startup_tm4c.o [1]
NMI_Handler             0x0000037f    0x2  Code  Gb  startup_tm4c.o [1]
PECI0_IRQHandler        0x00000387    0x2  Code  Wk  startup_tm4c.o [1]
PWM1Fault_IRQHandler    0x00000387    0x2  Code  Wk  startup_tm4c.o [1]
PWM1Gen0_IRQHandler     0x00000387    0x2  Code  Wk  startup_tm4c.o [1]
PWM1Gen1_IRQHandler     0x00000387    0x2  Code  Wk  startup_tm4c.o [1]
PWM1Gen2_IRQHandler     0x00000387    0x2  Code  Wk  startup_tm4c.o [1]
PWM1Gen3_IRQHandler     0x00000387    0x2  Code  Wk  startup_tm4c.o [1]
PWMFault_IRQHandler     0x00000387    0x2  Code  Wk  startup_tm4c.o [1]
PWMGen0_IRQHandler      0x00000387    0x2  Code  Wk  startup_tm4c.o [1]
PWMGen1_IRQHandler      0x00000387    0x2  Code  Wk  startup_tm4c.o [1]
PWMGen2_IRQHandler      0x00000387    0x2  Code  Wk  startup_tm4c.o [1]
PWMGen3_IRQHandler      0x00000387    0x2  Code  Wk  startup_tm4c.o [1]
PendSV_Handler          0x00000387    0x2  Code  Wk  startup_tm4c.o [1]
QEI0_IRQHandler         0x00000387    0x2  Code  Wk  startup_tm4c.o [1]
QEI1_IRQHandler         0x00000387    0x2  Code  Wk  startup_tm4c.o [1]
QEI2_IRQHandler         0x00000387    0x2  Code  Wk  startup_tm4c.o [1]
Region$$Table$$Base     0x00000000          --   Gb  - Linker created -
Region$$Table$$Limit    0x00000000          --   Gb  - Linker created -
SSI0_IRQHandler         0x00000387    0x2  Code  Wk  startup_tm4c.o [1]
SSI1_IRQHandler         0x00000387    0x2  Code  Wk  startup_tm4c.o [1]
SSI2_IRQHandler         0x00000387    0x2  Code  Wk  startup_tm4c.o [1]
SSI3_IRQHandler         0x00000387    0x2  Code  Wk  startup_tm4c.o [1]
SVC_Handler             0x00000387    0x2  Code  Wk  startup_tm4c.o [1]
SysCtrl_IRQHandler      0x00000387    0x2  Code  Wk  startup_tm4c.o [1]
SysTick_Handler         0x00000387    0x2  Code  Wk  startup_tm4c.o [1]
Timer0A_IRQHandler      0x00000387    0x2  Code  Wk  startup_tm4c.o [1]
Timer0B_IRQHandler      0x00000387    0x2  Code  Wk  startup_tm4c.o [1]
Timer1A_IRQHandler      0x00000387    0x2  Code  Wk  startup_tm4c.o [1]
Timer1B_IRQHandler      0x00000387    0x2  Code  Wk  startup_tm4c.o [1]
Timer2A_IRQHandler      0x00000387    0x2  Code  Wk  startup_tm4c.o [1]
Timer2B_IRQHandler      0x00000387    0x2  Code  Wk  startup_tm4c.o [1]
Timer3A_IRQHandler      0x00000387    0x2  Code  Wk  startup_tm4c.o [1]
Timer3B_IRQHandler      0x00000387    0x2  Code  Wk  startup_tm4c.o [1]
Timer4A_IRQHandler      0x00000387    0x2  Code  Wk  startup_tm4c.o [1]
Timer4B_IRQHandler      0x00000387    0x2  Code  Wk  startup_tm4c.o [1]
Timer5A_IRQHandler      0x00000387    0x2  Code  Wk  startup_tm4c.o [1]
Timer5B_IRQHandler      0x00000387    0x2  Code  Wk  startup_tm4c.o [1]
UART0_IRQHandler        0x00000387    0x2  Code  Wk  startup_tm4c.o [1]
UART1_IRQHandler        0x00000387    0x2  Code  Wk  startup_tm4c.o [1]
UART2_IRQHandler        0x00000387    0x2  Code  Wk  startup_tm4c.o [1]
UART3_IRQHandler        0x00000387    0x2  Code  Wk  startup_tm4c.o [1]
UART4_IRQHandler        0x00000387    0x2  Code  Wk  startup_tm4c.o [1]
UART5_IRQHandler        0x00000387    0x2  Code  Wk  startup_tm4c.o [1]
UART6_IRQHandler        0x00000387    0x2  Code  Wk  startup_tm4c.o [1]
UART7_IRQHandler        0x00000387    0x2  Code  Wk  startup_tm4c.o [1]
USB0_IRQHandler         0x00000387    0x2  Code  Wk  startup_tm4c.o [1]
Unused_Handler          0x00000387    0x2  Code  Gb  startup_tm4c.o [1]
UsageFault_Handler      0x00000385    0x2  Code  Gb  startup_tm4c.o [1]
Watchdog_IRQHandler     0x00000387    0x2  Code  Wk  startup_tm4c.o [1]
WideTimer0A_IRQHandler  0x00000387    0x2  Code  Wk  startup_tm4c.o [1]
WideTimer0B_IRQHandler  0x00000387    0x2  Code  Wk  startup_tm4c.o [1]
WideTimer1A_IRQHandler  0x00000387    0x2  Code  Wk  startup_tm4c.o [1]
WideTimer1B_IRQHandler  0x00000387    0x2  Code  Wk  startup_tm4c.o [1]
WideTimer2A_IRQHandler  0x00000387    0x2  Code  Wk  startup_tm4c.o [1]
WideTimer2B_IRQHandler  0x00000387    0x2  Code  Wk  startup_tm4c.o [1]
WideTimer3A_IRQHandler  0x00000387    0x2  Code  Wk  startup_tm4c.o [1]
WideTimer3B_IRQHandler  0x00000387    0x2  Code  Wk  startup_tm4c.o [1]
WideTimer4A_IRQHandler  0x00000387    0x2  Code  Wk  startup_tm4c.o [1]
WideTimer4B_IRQHandler  0x00000387    0x2  Code  Wk  startup_tm4c.o [1]
WideTimer5A_IRQHandler  0x00000387    0x2  Code  Wk  startup_tm4c.o [1]
WideTimer5B_IRQHandler  0x00000387    0x2  Code  Wk  startup_tm4c.o [1]
Write_SPI               0x0000026d   0x18  Code  Gb  main.o [1]
__cmain                 0x00000339         Code  Gb  cmain.o [5]
__exit                  0x00000369   0x14  Code  Gb  exit.o [6]
__iar_init_vfp          0x00000315         Code  Gb  fpinit_M.o [4]
__iar_program_start     0x00000389         Code  Gb  cstartup_M.o [5]
__low_level_init        0x00000353    0x4  Code  Gb  low_level_init.o [3]
__vector_table          0x00000000  0x26c  Data  Gb  startup_tm4c.o [1]
_call_main              0x00000345         Code  Gb  cmain.o [5]
_exit                   0x0000035d         Code  Gb  cexit.o [5]
_main                   0x0000034f         Code  Gb  cmain.o [5]
exit                    0x00000357    0x4  Code  Gb  exit.o [3]
main                    0x00000285   0x64  Code  Gb  main.o [1]
uDMAError_IRQHandler    0x00000387    0x2  Code  Wk  startup_tm4c.o [1]
uDMAST_IRQHandler       0x00000387    0x2  Code  Wk  startup_tm4c.o [1]


[1] = E:\Embedded\TM4C123GH6PM_Drivers\SPI\Debug\Obj
[2] = command line
[3] = dl7M_tln.a
[4] = m7M_tls.a
[5] = rt7M_tl.a
[6] = shb_l.a

    296 bytes of readonly  code memory
    620 bytes of readonly  data memory
  4 096 bytes of readwrite data memory

Errors: none
Warnings: none
